<html>
<body>
<pre>
<h1>µVision Build Log</h1>
<h2>Tool Versions:</h2>
IDE-Version: ¶ÃVision V5.20.0.0
Copyright (C) 2016 ARM Ltd and ARM Germany GmbH. All rights reserved.
License Information: Frank HP, HP Inc., LIC=KRMW3-AMINM-X7GRZ-J5L50-N50IA-U0TDC
 
Tool Versions:
Toolchain:       MDK-ARM Plus  Version: 5.20
Toolchain Path:  D:\Keil uVision5 MDK V5.20\ARM\ARMCC\Bin
C Compiler:      Armcc.exe V5.06 update 2 (build 183)
Assembler:       Armasm.exe V5.06 update 2 (build 183)
Linker/Locator:  ArmLink.exe V5.06 update 2 (build 183)
Library Manager: ArmAr.exe V5.06 update 2 (build 183)
Hex Converter:   FromElf.exe V5.06 update 2 (build 183)
CPU DLL:         SARMCM3.DLL V5.20
Dialog DLL:      DARMSTM.DLL V1.66.0.0
Target DLL:      Segger\JL2CM3.dll V2.99.20.0
Dialog DLL:      TARMSTM.DLL V1.65.0.0
 
<h2>Project:</h2>
C:\Users\HP\Desktop\Ã∞≥‘…ﬂ\USER\REMOTE.uvprojx
Project File Date:  03/29/2021

<h2>Output:</h2>
*** Using Compiler 'V5.06 update 2 (build 183)', folder: 'D:\Keil uVision5 MDK V5.20\ARM\ARMCC\Bin'
Rebuild target 'REMOTE'
compiling core_cm3.c...
assembling startup_stm32f10x_hd.s...
compiling remote.c...
compiling system_stm32f10x.c...
compiling led.c...
compiling delay.c...
compiling stm32f10x_it.c...
compiling key.c...
compiling usart.c...
compiling oled.c...
compiling main.c...
main.c(95): warning:  #177-D: variable "m" was declared but never referenced
  	u8 m=64,n=32;	 
main.c(95): warning:  #177-D: variable "n" was declared but never referenced
  	u8 m=64,n=32;	 
main.c(194): warning:  #550-D: variable "key" was set but never used
  	u8 key;
main.c(195): warning:  #177-D: variable "t" was declared but never referenced
  	u8 t=0;	
main.c(196): warning:  #177-D: variable "str" was declared but never referenced
   	u8 *str=0;
main.c: 5 warnings, 0 errors
compiling sys.c...
compiling misc.c...
compiling stm32f10x_gpio.c...
compiling stm32f10x_usart.c...
compiling stm32f10x_fsmc.c...
compiling stm32f10x_rcc.c...
compiling stm32f10x_tim.c...
linking...
Program Size: Code=12020 RO-data=6512 RW-data=104 ZI-data=3896  
FromELF: creating hex file...
"..\OBJ\REMOTE.axf" - 0 Error(s), 5 Warning(s).

<h2>Collection of Component include folders:</h2>
  C:\Users\HP\Desktop\Ã∞≥‘…ﬂ\USER\RTE
  D:\Keil uVision5 MDK V5.20\Keil\STM32F1xx_DFP\1.0.5\Device\Include

<h2>Collection of Component Files used:</h2>
Build Time Elapsed:  00:00:01
</pre>
</body>
</html>
